2026-05-19T15:54:10.060+05:30  INFO 34244 --- [main] com.ecom.ecom.application.Application    : Starting Application using Java 21 with PID 34244 (D:\RevisionNotes\EcomProject\ecom.application\ecom.application\target\classes started by HP in D:\RevisionNotes\EcomProject)
2026-05-19T15:54:10.091+05:30  INFO 34244 --- [main] com.ecom.ecom.application.Application    : The following 1 profile is active: "dev"
2026-05-19T15:54:12.983+05:30  INFO 34244 --- [main] .s.d.r.c.RepositoryConfigurationDelegate : Bootstrapping Spring Data JPA repositories in DEFAULT mode.
2026-05-19T15:54:13.197+05:30  INFO 34244 --- [main] .s.d.r.c.RepositoryConfigurationDelegate : Finished Spring Data repository scanning in 180 ms. Found 3 JPA repository interfaces.
2026-05-19T15:54:15.246+05:30  INFO 34244 --- [main] o.s.boot.tomcat.TomcatWebServer          : Tomcat initialized with port 8080 (http)
2026-05-19T15:54:15.293+05:30  INFO 34244 --- [main] o.apache.catalina.core.StandardService   : Starting service [Tomcat]
2026-05-19T15:54:15.295+05:30  INFO 34244 --- [main] o.apache.catalina.core.StandardEngine    : Starting Servlet engine: [Apache Tomcat/11.0.21]
2026-05-19T15:54:15.481+05:30  INFO 34244 --- [main] b.w.c.s.WebApplicationContextInitializer : Root WebApplicationContext: initialization completed in 5047 ms
2026-05-19T15:54:16.417+05:30  INFO 34244 --- [main] org.hibernate.orm.jpa                    : HHH008540: Processing PersistenceUnitInfo [name: default]
2026-05-19T15:54:16.616+05:30  INFO 34244 --- [main] org.hibernate.orm.core                   : HHH000001: Hibernate ORM core version 7.2.12.Final
2026-05-19T15:54:18.351+05:30  INFO 34244 --- [main] o.s.o.j.p.SpringPersistenceUnitInfo      : No LoadTimeWeaver setup: ignoring JPA class transformer
2026-05-19T15:54:18.468+05:30  INFO 34244 --- [main] com.zaxxer.hikari.HikariDataSource       : HikariPool-1 - Starting...
2026-05-19T15:54:19.674+05:30  INFO 34244 --- [main] com.zaxxer.hikari.pool.HikariPool        : HikariPool-1 - Added connection com.mysql.cj.jdbc.ConnectionImpl@4ea43d4d
2026-05-19T15:54:19.680+05:30  INFO 34244 --- [main] com.zaxxer.hikari.HikariDataSource       : HikariPool-1 - Start completed.
2026-05-19T15:54:19.968+05:30  WARN 34244 --- [main] org.hibernate.orm.deprecation            : HHH90000025: MySQLDialect does not need to be specified explicitly using 'hibernate.dialect' (remove the property setting and it will be selected by default)
2026-05-19T15:54:20.035+05:30  INFO 34244 --- [main] org.hibernate.orm.connections.pooling    : HHH10001005: Database info:
	Database JDBC URL [jdbc:mysql://localhost:3306/ecom_db?createDatabaseIfNotExist=true]
	Database driver: MySQL Connector/J
	Database dialect: MySQLDialect
	Database version: 9.0
	Default catalog/schema: ecom_db/undefined
	Autocommit mode: undefined/unknown
	Isolation level: REPEATABLE_READ [default REPEATABLE_READ]
	JDBC fetch size: none
	Pool: DataSourceConnectionProvider
	Minimum pool size: undefined/unknown
	Maximum pool size: undefined/unknown
2026-05-19T15:54:22.474+05:30  INFO 34244 --- [main] org.hibernate.orm.core                   : HHH000489: No JTA platform available (set 'hibernate.transaction.jta.platform' to enable JTA platform integration)
2026-05-19T15:54:22.853+05:30  INFO 34244 --- [main] j.LocalContainerEntityManagerFactoryBean : Initialized JPA EntityManagerFactory for persistence unit 'default'
2026-05-19T15:54:23.172+05:30  INFO 34244 --- [main] o.s.d.j.r.query.QueryEnhancerFactories   : Hibernate is in classpath; If applicable, HQL parser will be used.
2026-05-19T15:54:23.695+05:30  WARN 34244 --- [main] JpaBaseConfiguration$JpaWebConfiguration : spring.jpa.open-in-view is enabled by default. Therefore, database queries may be performed during view rendering. Explicitly configure spring.jpa.open-in-view to disable this warning
2026-05-19T15:54:29.973+05:30  INFO 34244 --- [main] o.s.b.a.e.web.EndpointLinksResolver      : Exposing 14 endpoints beneath base path '/actuator'
2026-05-19T15:54:30.245+05:30  INFO 34244 --- [main] o.s.boot.tomcat.TomcatWebServer          : Tomcat started on port 8080 (http) with context path '/'
2026-05-19T15:54:30.275+05:30  INFO 34244 --- [main] com.ecom.ecom.application.Application    : Started Application in 21.765 seconds (process running for 23.21)
2026-05-19T15:54:32.341+05:30  INFO 34244 --- [http-nio-8080-exec-1] o.a.c.c.C.[Tomcat].[localhost].[/]       : Initializing Spring DispatcherServlet 'dispatcherServlet'
2026-05-19T15:54:32.342+05:30  INFO 34244 --- [http-nio-8080-exec-1] o.s.web.servlet.DispatcherServlet        : Initializing Servlet 'dispatcherServlet'
2026-05-19T15:54:32.346+05:30  INFO 34244 --- [http-nio-8080-exec-1] o.s.web.servlet.DispatcherServlet        : Completed initialization in 4 ms
2026-05-19T17:18:41.229+05:30  WARN 34244 --- [HikariPool-1:housekeeper] com.zaxxer.hikari.pool.HikariPool        : HikariPool-1 - Thread starvation or clock leap detected (housekeeper delta=39m50s758ms353µs300ns).
2026-05-19T17:38:27.498+05:30  INFO 34244 --- [SpringApplicationShutdownHook] o.s.boot.tomcat.GracefulShutdown         : Commencing graceful shutdown. Waiting for active requests to complete
2026-05-19T17:38:27.513+05:30  INFO 34244 --- [tomcat-shutdown] o.s.boot.tomcat.GracefulShutdown         : Graceful shutdown complete
2026-05-19T17:38:27.535+05:30  INFO 34244 --- [SpringApplicationShutdownHook] j.LocalContainerEntityManagerFactoryBean : Closing JPA EntityManagerFactory for persistence unit 'default'
2026-05-19T17:38:27.556+05:30  INFO 34244 --- [SpringApplicationShutdownHook] com.zaxxer.hikari.HikariDataSource       : HikariPool-1 - Shutdown initiated...
2026-05-19T17:38:27.567+05:30  INFO 34244 --- [SpringApplicationShutdownHook] com.zaxxer.hikari.HikariDataSource       : HikariPool-1 - Shutdown completed.
